
> ceilingsapp-backend@1.0.0 start
> nest start

[32m[Nest] 102996  - [39m07/09/2026, 7:57:09 PM [32m    LOG[39m [38;5;3m[NestFactory] [39m[32mStarting Nest application...[39m
[32m[Nest] 102996  - [39m07/09/2026, 7:57:09 PM [32m    LOG[39m [38;5;3m[InstanceLoader] [39m[32mAppModule dependencies initialized[39m[38;5;3m +31ms[39m
[32m[Nest] 102996  - [39m07/09/2026, 7:57:09 PM [32m    LOG[39m [38;5;3m[InstanceLoader] [39m[32mPrismaModule dependencies initialized[39m[38;5;3m +0ms[39m
[32m[Nest] 102996  - [39m07/09/2026, 7:57:09 PM [32m    LOG[39m [38;5;3m[InstanceLoader] [39m[32mLoggerModule dependencies initialized[39m[38;5;3m +0ms[39m
[32m[Nest] 102996  - [39m07/09/2026, 7:57:09 PM [32m    LOG[39m [38;5;3m[InstanceLoader] [39m[32mPassportModule dependencies initialized[39m[38;5;3m +0ms[39m
[32m[Nest] 102996  - [39m07/09/2026, 7:57:09 PM [32m    LOG[39m [38;5;3m[InstanceLoader] [39m[32mConfigHostModule dependencies initialized[39m[38;5;3m +1ms[39m
[32m[Nest] 102996  - [39m07/09/2026, 7:57:09 PM [32m    LOG[39m [38;5;3m[InstanceLoader] [39m[32mGatewayModule dependencies initialized[39m[38;5;3m +0ms[39m
[32m[Nest] 102996  - [39m07/09/2026, 7:57:09 PM [32m    LOG[39m [38;5;3m[InstanceLoader] [39m[32mConfigModule dependencies initialized[39m[38;5;3m +1ms[39m
[32m[Nest] 102996  - [39m07/09/2026, 7:57:09 PM [32m    LOG[39m [38;5;3m[InstanceLoader] [39m[32mConfigModule dependencies initialized[39m[38;5;3m +0ms[39m
[32m[Nest] 102996  - [39m07/09/2026, 7:57:09 PM [32m    LOG[39m [38;5;3m[InstanceLoader] [39m[32mUsersModule dependencies initialized[39m[38;5;3m +3ms[39m
[32m[Nest] 102996  - [39m07/09/2026, 7:57:09 PM [32m    LOG[39m [38;5;3m[InstanceLoader] [39m[32mSubscriptionModule dependencies initialized[39m[38;5;3m +0ms[39m
[32m[Nest] 102996  - [39m07/09/2026, 7:57:09 PM [32m    LOG[39m [38;5;3m[InstanceLoader] [39m[32mNotificationsModule dependencies initialized[39m[38;5;3m +0ms[39m
[32m[Nest] 102996  - [39m07/09/2026, 7:57:09 PM [32m    LOG[39m [38;5;3m[InstanceLoader] [39m[32mJwtModule dependencies initialized[39m[38;5;3m +0ms[39m
[32m[Nest] 102996  - [39m07/09/2026, 7:57:09 PM [32m    LOG[39m [38;5;3m[InstanceLoader] [39m[32mReviewsModule dependencies initialized[39m[38;5;3m +1ms[39m
[32m[Nest] 102996  - [39m07/09/2026, 7:57:09 PM [32m    LOG[39m [38;5;3m[InstanceLoader] [39m[32mChatsModule dependencies initialized[39m[38;5;3m +0ms[39m
[32m[Nest] 102996  - [39m07/09/2026, 7:57:09 PM [32m    LOG[39m [38;5;3m[InstanceLoader] [39m[32mAuthModule dependencies initialized[39m[38;5;3m +0ms[39m
[32m[Nest] 102996  - [39m07/09/2026, 7:57:09 PM [32m    LOG[39m [38;5;3m[InstanceLoader] [39m[32mOrdersModule dependencies initialized[39m[38;5;3m +0ms[39m
[32m[Nest] 102996  - [39m07/09/2026, 7:57:09 PM [32m    LOG[39m [38;5;3m[WebSocketsController] [39m[32mAppGateway subscribed to the "auth.join" message[39m[38;5;3m +32ms[39m
[32m[Nest] 102996  - [39m07/09/2026, 7:57:09 PM [32m    LOG[39m [38;5;3m[WebSocketsController] [39m[32mAppGateway subscribed to the "geo.join" message[39m[38;5;3m +0ms[39m
[32m[Nest] 102996  - [39m07/09/2026, 7:57:09 PM [32m    LOG[39m [38;5;3m[WebSocketsController] [39m[32mAppGateway subscribed to the "chat.join" message[39m[38;5;3m +0ms[39m
[32m[Nest] 102996  - [39m07/09/2026, 7:57:09 PM [32m    LOG[39m [38;5;3m[WebSocketsController] [39m[32mAppGateway subscribed to the "chat.leave" message[39m[38;5;3m +0ms[39m
[32m[Nest] 102996  - [39m07/09/2026, 7:57:09 PM [32m    LOG[39m [38;5;3m[RoutesResolver] [39m[32mAuthController {/api/auth}:[39m[38;5;3m +2ms[39m
[32m[Nest] 102996  - [39m07/09/2026, 7:57:09 PM [32m    LOG[39m [38;5;3m[RouterExplorer] [39m[32mMapped {/api/auth/request-otp, POST} route[39m[38;5;3m +2ms[39m
[32m[Nest] 102996  - [39m07/09/2026, 7:57:09 PM [32m    LOG[39m [38;5;3m[RouterExplorer] [39m[32mMapped {/api/auth/verify-otp, POST} route[39m[38;5;3m +0ms[39m
[32m[Nest] 102996  - [39m07/09/2026, 7:57:09 PM [32m    LOG[39m [38;5;3m[RouterExplorer] [39m[32mMapped {/api/auth/login, POST} route[39m[38;5;3m +1ms[39m
[32m[Nest] 102996  - [39m07/09/2026, 7:57:09 PM [32m    LOG[39m [38;5;3m[RouterExplorer] [39m[32mMapped {/api/auth/register, POST} route[39m[38;5;3m +0ms[39m
[32m[Nest] 102996  - [39m07/09/2026, 7:57:09 PM [32m    LOG[39m [38;5;3m[RoutesResolver] [39m[32mUsersController {/api/users}:[39m[38;5;3m +0ms[39m
[32m[Nest] 102996  - [39m07/09/2026, 7:57:09 PM [32m    LOG[39m [38;5;3m[RouterExplorer] [39m[32mMapped {/api/users/profile, GET} route[39m[38;5;3m +1ms[39m
[32m[Nest] 102996  - [39m07/09/2026, 7:57:09 PM [32m    LOG[39m [38;5;3m[RouterExplorer] [39m[32mMapped {/api/users/:id, GET} route[39m[38;5;3m +1ms[39m
[32m[Nest] 102996  - [39m07/09/2026, 7:57:09 PM [32m    LOG[39m [38;5;3m[RouterExplorer] [39m[32mMapped {/api/users/profile, PATCH} route[39m[38;5;3m +0ms[39m
[32m[Nest] 102996  - [39m07/09/2026, 7:57:09 PM [32m    LOG[39m [38;5;3m[RouterExplorer] [39m[32mMapped {/api/users/:id/portfolio, GET} route[39m[38;5;3m +0ms[39m
[32m[Nest] 102996  - [39m07/09/2026, 7:57:09 PM [32m    LOG[39m [38;5;3m[RouterExplorer] [39m[32mMapped {/api/users/profile/portfolio, POST} route[39m[38;5;3m +1ms[39m
[32m[Nest] 102996  - [39m07/09/2026, 7:57:09 PM [32m    LOG[39m [38;5;3m[RouterExplorer] [39m[32mMapped {/api/users/profile/portfolio/:id, DELETE} route[39m[38;5;3m +1ms[39m
[32m[Nest] 102996  - [39m07/09/2026, 7:57:09 PM [32m    LOG[39m [38;5;3m[RoutesResolver] [39m[32mOrdersController {/api/orders}:[39m[38;5;3m +0ms[39m
[32m[Nest] 102996  - [39m07/09/2026, 7:57:09 PM [32m    LOG[39m [38;5;3m[RouterExplorer] [39m[32mMapped {/api/orders/my, GET} route[39m[38;5;3m +0ms[39m
[32m[Nest] 102996  - [39m07/09/2026, 7:57:09 PM [32m    LOG[39m [38;5;3m[RouterExplorer] [39m[32mMapped {/api/orders, GET} route[39m[38;5;3m +0ms[39m
[32m[Nest] 102996  - [39m07/09/2026, 7:57:09 PM [32m    LOG[39m [38;5;3m[RouterExplorer] [39m[32mMapped {/api/orders/spatial, GET} route[39m[38;5;3m +0ms[39m
[32m[Nest] 102996  - [39m07/09/2026, 7:57:09 PM [32m    LOG[39m [38;5;3m[RouterExplorer] [39m[32mMapped {/api/orders/:id/apply, DELETE} route[39m[38;5;3m +0ms[39m
[32m[Nest] 102996  - [39m07/09/2026, 7:57:09 PM [32m    LOG[39m [38;5;3m[RouterExplorer] [39m[32mMapped {/api/orders/parse, POST} route[39m[38;5;3m +1ms[39m
[32m[Nest] 102996  - [39m07/09/2026, 7:57:09 PM [32m    LOG[39m [38;5;3m[RouterExplorer] [39m[32mMapped {/api/orders, POST} route[39m[38;5;3m +0ms[39m
[32m[Nest] 102996  - [39m07/09/2026, 7:57:09 PM [32m    LOG[39m [38;5;3m[RouterExplorer] [39m[32mMapped {/api/orders/:id, GET} route[39m[38;5;3m +0ms[39m
[32m[Nest] 102996  - [39m07/09/2026, 7:57:09 PM [32m    LOG[39m [38;5;3m[RouterExplorer] [39m[32mMapped {/api/orders/:id, PATCH} route[39m[38;5;3m +0ms[39m
[32m[Nest] 102996  - [39m07/09/2026, 7:57:09 PM [32m    LOG[39m [38;5;3m[RouterExplorer] [39m[32mMapped {/api/orders/:id, DELETE} route[39m[38;5;3m +1ms[39m
[32m[Nest] 102996  - [39m07/09/2026, 7:57:09 PM [32m    LOG[39m [38;5;3m[RouterExplorer] [39m[32mMapped {/api/orders/:id/apply, POST} route[39m[38;5;3m +0ms[39m
[32m[Nest] 102996  - [39m07/09/2026, 7:57:09 PM [32m    LOG[39m [38;5;3m[RouterExplorer] [39m[32mMapped {/api/orders/applications/:id/view, PATCH} route[39m[38;5;3m +0ms[39m
[32m[Nest] 102996  - [39m07/09/2026, 7:57:09 PM [32m    LOG[39m [38;5;3m[RouterExplorer] [39m[32mMapped {/api/orders/applications/:id/accept, POST} route[39m[38;5;3m +0ms[39m
[32m[Nest] 102996  - [39m07/09/2026, 7:57:09 PM [32m    LOG[39m [38;5;3m[RouterExplorer] [39m[32mMapped {/api/orders/:id/start, POST} route[39m[38;5;3m +0ms[39m
[32m[Nest] 102996  - [39m07/09/2026, 7:57:09 PM [32m    LOG[39m [38;5;3m[RouterExplorer] [39m[32mMapped {/api/orders/:id/complete, POST} route[39m[38;5;3m +0ms[39m
[32m[Nest] 102996  - [39m07/09/2026, 7:57:09 PM [32m    LOG[39m [38;5;3m[RouterExplorer] [39m[32mMapped {/api/orders/:id/status, PATCH} route[39m[38;5;3m +1ms[39m
[32m[Nest] 102996  - [39m07/09/2026, 7:57:09 PM [32m    LOG[39m [38;5;3m[RoutesResolver] [39m[32mChatsController {/api/chats}:[39m[38;5;3m +0ms[39m
[32m[Nest] 102996  - [39m07/09/2026, 7:57:09 PM [32m    LOG[39m [38;5;3m[RouterExplorer] [39m[32mMapped {/api/chats, GET} route[39m[38;5;3m +0ms[39m
[32m[Nest] 102996  - [39m07/09/2026, 7:57:09 PM [32m    LOG[39m [38;5;3m[RouterExplorer] [39m[32mMapped {/api/chats, POST} route[39m[38;5;3m +0ms[39m
[32m[Nest] 102996  - [39m07/09/2026, 7:57:09 PM [32m    LOG[39m [38;5;3m[RouterExplorer] [39m[32mMapped {/api/chats/:id/messages, GET} route[39m[38;5;3m +0ms[39m
[32m[Nest] 102996  - [39m07/09/2026, 7:57:09 PM [32m    LOG[39m [38;5;3m[RouterExplorer] [39m[32mMapped {/api/chats/:id/messages, POST} route[39m[38;5;3m +1ms[39m
[32m[Nest] 102996  - [39m07/09/2026, 7:57:09 PM [32m    LOG[39m [38;5;3m[RouterExplorer] [39m[32mMapped {/api/chats/:id/read, PATCH} route[39m[38;5;3m +0ms[39m
[32m[Nest] 102996  - [39m07/09/2026, 7:57:09 PM [32m    LOG[39m [38;5;3m[RoutesResolver] [39m[32mSubscriptionController {/api/subscriptions}:[39m[38;5;3m +0ms[39m
[32m[Nest] 102996  - [39m07/09/2026, 7:57:09 PM [32m    LOG[39m [38;5;3m[RouterExplorer] [39m[32mMapped {/api/subscriptions/activate, POST} route[39m[38;5;3m +0ms[39m
[32m[Nest] 102996  - [39m07/09/2026, 7:57:09 PM [32m    LOG[39m [38;5;3m[RoutesResolver] [39m[32mReviewsController {/api/reviews}:[39m[38;5;3m +0ms[39m
[32m[Nest] 102996  - [39m07/09/2026, 7:57:09 PM [32m    LOG[39m [38;5;3m[RouterExplorer] [39m[32mMapped {/api/reviews, POST} route[39m[38;5;3m +0ms[39m
[32m[Nest] 102996  - [39m07/09/2026, 7:57:09 PM [32m    LOG[39m [38;5;3m[RouterExplorer] [39m[32mMapped {/api/reviews/pending, GET} route[39m[38;5;3m +0ms[39m
[32m[Nest] 102996  - [39m07/09/2026, 7:57:09 PM [32m    LOG[39m [38;5;3m[RouterExplorer] [39m[32mMapped {/api/reviews/my, GET} route[39m[38;5;3m +0ms[39m
[32m[Nest] 102996  - [39m07/09/2026, 7:57:09 PM [32m    LOG[39m [38;5;3m[RouterExplorer] [39m[32mMapped {/api/reviews/master/:id, GET} route[39m[38;5;3m +1ms[39m
[32m[Nest] 102996  - [39m07/09/2026, 7:57:09 PM [32m    LOG[39m [38;5;3m[RoutesResolver] [39m[32mNotificationsController {/api/notifications}:[39m[38;5;3m +0ms[39m
[32m[Nest] 102996  - [39m07/09/2026, 7:57:09 PM [32m    LOG[39m [38;5;3m[RouterExplorer] [39m[32mMapped {/api/notifications, GET} route[39m[38;5;3m +0ms[39m
[32m[Nest] 102996  - [39m07/09/2026, 7:57:09 PM [32m    LOG[39m [38;5;3m[RouterExplorer] [39m[32mMapped {/api/notifications/:id/read, PATCH} route[39m[38;5;3m +0ms[39m
/app/backend/node_modules/@prisma/client/runtime/library.js:112
You may have to run ${qe("prisma generate")} for your changes to take effect.`,this.config.clientVersion);return t}}parseEngineResponse(t){if(!t)throw new B("Response from the Engine was empty",{clientVersion:this.config.clientVersion});try{return JSON.parse(t)}catch{throw new B("Unable to JSON.parse response from engine",{clientVersion:this.config.clientVersion})}}async loadEngine(){if(!this.engine){this.QueryEngineConstructor||(this.library=await this.libraryLoader.loadLibrary(this.config),this.QueryEngineConstructor=this.library.QueryEngine);try{let t=new WeakRef(this),{adapter:r}=this.config;r&&Ae("Using driver adapter: %O",r),this.engine=new this.QueryEngineConstructor({datamodel:this.datamodel,env:process.env,logQueries:this.config.logQueries??!1,ignoreEnvVarErrors:!0,datasourceOverrides:this.datasourceOverrides??{},logLevel:this.logLevel,configDir:this.config.cwd,engineProtocol:"json"},n=>{t.deref()?.logger(n)},r)}catch(t){let r=t,n=this.parseInitError(r.message);throw typeof n=="string"?r:new R(n.message,this.config.clientVersion,n.error_code)}}}logger(t){let r=this.parseEngineResponse(t);if(r){if("span"in r){this.config.tracingHelper.createEngineSpan(r);return}r.level=r?.level.toLowerCase()??"unknown",fm(r)?this.logEmitter.emit("query",{timestamp:new Date,query:r.query,params:r.params,duration:Number(r.duration_ms),target:r.module_path}):gm(r)?this.loggerRustPanic=new le(lo(this,`${r.message}: ${r.reason} in ${r.file}:${r.line}:${r.column}`),this.config.clientVersion):this.logEmitter.emit(r.level,{timestamp:new Date,message:r.message,target:r.module_path})}}parseInitError(t){try{return JSON.parse(t)}catch{}return t}parseRequestError(t){try{return JSON.parse(t)}catch{}return t}onBeforeExit(){throw new Error('"beforeExit" hook is not applicable to the library engine since Prisma 5.0.0, it is only relevant and implemented for the binary engine. Please add your event listener to the `process` object directly instead.')}async start(){if(await this.libraryInstantiationPromise,await this.libraryStoppingPromise,this.libraryStartingPromise)return Ae(`library already starting, this.libraryStarted: ${this.libraryStarted}`),this.libraryStartingPromise;if(this.libraryStarted)return;let t=async()=>{Ae("library starting");try{let r={traceparent:this.config.tracingHelper.getTraceParent()};await this.engine?.connect(JSON.stringify(r)),this.libraryStarted=!0,Ae("library started")}catch(r){let n=this.parseInitError(r.message);throw typeof n=="string"?r:new R(n.message,this.config.clientVersion,n.error_code)}finally{this.libraryStartingPromise=void 0}};return this.libraryStartingPromise=this.config.tracingHelper.runInChildSpan("connect",t),this.libraryStartingPromise}async stop(){if(await this.libraryStartingPromise,await this.executingQueryPromise,this.libraryStoppingPromise)return Ae("library is already stopping"),this.libraryStoppingPromise;if(!this.libraryStarted)return;let t=async()=>{await new Promise(n=>setTimeout(n,5)),Ae("library stopping");let r={traceparent:this.config.tracingHelper.getTraceParent()};await this.engine?.disconnect(JSON.stringify(r)),this.libraryStarted=!1,this.libraryStoppingPromise=void 0,Ae("library stopped")};return this.libraryStoppingPromise=this.config.tracingHelper.runInChildSpan("disconnect",t),this.libraryStoppingPromise}version(){return this.versionInfo=this.library?.version(),this.versionInfo?.version??"unknown"}debugPanic(t){return this.library?.debugPanic(t)}async request(t,{traceparent:r,interactiveTransaction:n}){Ae(`sending request, this.libraryStarted: ${this.libraryStarted}`);let i=JSON.stringify({traceparent:r}),o=JSON.stringify(t);try{await this.start(),this.executingQueryPromise=this.engine?.query(o,i,n?.id),this.lastQuery=o;let s=this.parseEngineResponse(await this.executingQueryPromise);if(s.errors)throw s.errors.length===1?this.buildQueryError(s.errors[0]):new B(JSON.stringify(s.errors),{clientVersion:this.config.clientVersion});if(this.loggerRustPanic)throw this.loggerRustPanic;return{data:s,elapsed:0}}catch(s){if(s instanceof R)throw s;if(s.code==="GenericFailure"&&s.message?.startsWith("PANIC:"))throw new le(lo(this,s.message),this.config.clientVersion);let a=this.parseRequestError(s.message);throw typeof a=="string"?s:new B(`${a.message}


PrismaClientInitializationError: Can't reach database server at `localhost:5432`

Please make sure your database server is running at `localhost:5432`.
    at t (/app/backend/node_modules/@prisma/client/runtime/library.js:112:2488)
    at async Proxy.onModuleInit (/app/backend/src/prisma/prisma.service.ts:7:5)
    at async Promise.all (index 0)
    at async callModuleInitHook (/app/backend/node_modules/@nestjs/core/hooks/on-module-init.hook.js:43:5)
    at async NestApplication.callInitHook (/app/backend/node_modules/@nestjs/core/nest-application-context.js:234:13)
    at async NestApplication.init (/app/backend/node_modules/@nestjs/core/nest-application.js:100:9)
    at async NestApplication.listen (/app/backend/node_modules/@nestjs/core/nest-application.js:170:13)
    at async bootstrap (/app/backend/src/main.ts:23:3) {
  clientVersion: '5.22.0',
  errorCode: 'P1001'
}

Node.js v22.22.1
